**********************
Windows PowerShell transcript start
Start time: 20191206110313
Username: LAPTOP-TKR6M1AE\flame
RunAs User: LAPTOP-TKR6M1AE\flame
Configuration Name: 
Machine: LAPTOP-TKR6M1AE (Microsoft Windows NT 10.0.18362.0)
Host Application: C:\Windows\System32\WindowsPowerShell\v1.0\powershell.exe
Process ID: 6880
PSVersion: 5.1.18362.145
PSEdition: Desktop
PSCompatibleVersions: 1.0, 2.0, 3.0, 4.0, 5.0, 5.1.18362.145
BuildVersion: 10.0.18362.145
CLRVersion: 4.0.30319.42000
WSManStackVersion: 3.0
PSRemotingProtocolVersion: 2.3
SerializationVersion: 1.1.0.1
**********************
Transcript started, output file is C:\Users\flame\Documents\Powershell\tutorial1.txt
PS C:\Users\flame> Get-ChildItem | Select-Object Name

Name
----
.idlerc
.matplotlib
.ssh
.VirtualBox
3D Objects
Cisco Packet Tracer 7.2.2
Contacts
Desktop
Documents
Downloads
Favorites
Links
Music
OneDrive
Pictures
Roaming
Saved Games
Searches
Videos
VirtualBox VMs
.packettracer


PS C:\Users\flame> Get-ChildItem | Select-Object -First 1


    Directory: C:\Users\flame


Mode                LastWriteTime         Length Name
----                -------------         ------ ----
d-----       11/28/2019  12:20 PM                .idlerc


PS C:\Users\flame> Get-ChildItem | Select-Object -Last 1


    Directory: C:\Users\flame


Mode                LastWriteTime         Length Name
----                -------------         ------ ----
-a----        12/2/2019   3:35 PM            176 .packettracer


PS C:\Users\flame> Get-ChildItem | Select-Object -Index 0


    Directory: C:\Users\flame


Mode                LastWriteTime         Length Name
----                -------------         ------ ----
d-----       11/28/2019  12:20 PM                .idlerc


PS C:\Users\flame> Get-ChildItem | Select-Object -Index 1


    Directory: C:\Users\flame


Mode                LastWriteTime         Length Name
----                -------------         ------ ----
d-----        12/2/2019  12:05 AM                .matplotlib


PS C:\Users\flame> Get-ChildItem | Select-Object -Index 1 | Select-Object Name

Name
----
.matplotlib


PS C:\Users\flame> Get-ChildItem | Select-Object -Index 0 | Get-Member


   TypeName: System.IO.DirectoryInfo

Name                      MemberType     Definition
----                      ----------     ----------
LinkType                  CodeProperty   System.String LinkType{get=GetLinkType;}
Mode                      CodeProperty   System.String Mode{get=Mode;}
Target                    CodeProperty   System.Collections.Generic.IEnumerable`1[[System.String, mscorlib, Versi...
Create                    Method         void Create(), void Create(System.Security.AccessControl.DirectorySecuri...
CreateObjRef              Method         System.Runtime.Remoting.ObjRef CreateObjRef(type requestedType)
CreateSubdirectory        Method         System.IO.DirectoryInfo CreateSubdirectory(string path), System.IO.Direc...
Delete                    Method         void Delete(), void Delete(bool recursive)
EnumerateDirectories      Method         System.Collections.Generic.IEnumerable[System.IO.DirectoryInfo] Enumerat...
EnumerateFiles            Method         System.Collections.Generic.IEnumerable[System.IO.FileInfo] EnumerateFile...
EnumerateFileSystemInfos  Method         System.Collections.Generic.IEnumerable[System.IO.FileSystemInfo] Enumera...
Equals                    Method         bool Equals(System.Object obj)
GetAccessControl          Method         System.Security.AccessControl.DirectorySecurity GetAccessControl(), Syst...
GetDirectories            Method         System.IO.DirectoryInfo[] GetDirectories(), System.IO.DirectoryInfo[] Ge...
GetFiles                  Method         System.IO.FileInfo[] GetFiles(string searchPattern), System.IO.FileInfo[...
GetFileSystemInfos        Method         System.IO.FileSystemInfo[] GetFileSystemInfos(string searchPattern), Sys...
GetHashCode               Method         int GetHashCode()
GetLifetimeService        Method         System.Object GetLifetimeService()
GetObjectData             Method         void GetObjectData(System.Runtime.Serialization.SerializationInfo info, ...
GetType                   Method         type GetType()
InitializeLifetimeService Method         System.Object InitializeLifetimeService()
MoveTo                    Method         void MoveTo(string destDirName)
Refresh                   Method         void Refresh()
SetAccessControl          Method         void SetAccessControl(System.Security.AccessControl.DirectorySecurity di...
ToString                  Method         string ToString()
PSChildName               NoteProperty   string PSChildName=.idlerc
PSDrive                   NoteProperty   PSDriveInfo PSDrive=C
PSIsContainer             NoteProperty   bool PSIsContainer=True
PSParentPath              NoteProperty   string PSParentPath=Microsoft.PowerShell.Core\FileSystem::C:\Users\flame
PSPath                    NoteProperty   string PSPath=Microsoft.PowerShell.Core\FileSystem::C:\Users\flame\.idlerc
PSProvider                NoteProperty   ProviderInfo PSProvider=Microsoft.PowerShell.Core\FileSystem
Attributes                Property       System.IO.FileAttributes Attributes {get;set;}
CreationTime              Property       datetime CreationTime {get;set;}
CreationTimeUtc           Property       datetime CreationTimeUtc {get;set;}
Exists                    Property       bool Exists {get;}
Extension                 Property       string Extension {get;}
FullName                  Property       string FullName {get;}
LastAccessTime            Property       datetime LastAccessTime {get;set;}
LastAccessTimeUtc         Property       datetime LastAccessTimeUtc {get;set;}
LastWriteTime             Property       datetime LastWriteTime {get;set;}
LastWriteTimeUtc          Property       datetime LastWriteTimeUtc {get;set;}
Name                      Property       string Name {get;}
Parent                    Property       System.IO.DirectoryInfo Parent {get;}
Root                      Property       System.IO.DirectoryInfo Root {get;}
BaseName                  ScriptProperty System.Object BaseName {get=$this.Name;}


PS C:\Users\flame> Get-ChildItem | Select-Object -Index 0 | Select Parent

Parent
------
flame


PS C:\Users\flame> Get-ChildItem | Select-Object -Index 0 | Select Children

Children
--------



PS C:\Users\flame> (Get-ChildItem | Select-Object -First 1).Name
.idlerc
PS C:\Users\flame> (Get-ChildItem | Select-Object -First 1).ToString()
.idlerc
PS C:\Users\flame> get-help Get-Member

NAME
    Get-Member

SYNOPSIS
    Gets the properties and methods of objects.


SYNTAX
    Get-Member [[-Name] <String[]>] [-Force] [-InputObject <PSObject>] [-MemberType {AliasProperty | CodeProperty |
    Property | NoteProperty | ScriptProperty | Properties | PropertySet | Method | CodeMethod | ScriptMethod |
    Methods | ParameterizedProperty | MemberSet | Event | Dynamic | All}] [-Static] [-View {Extended | Adapted |
    Base | All}] [<CommonParameters>]


DESCRIPTION
    The Get-Member cmdlet gets the members, the properties and methods, of objects.

    To specify the object, use the InputObject parameter or pipe an object to Get-Member . To get information about
    static members, the members of the class, not of the instance, use the Static parameter. To get only certain
    types of members, such as NoteProperties , use the MemberType parameter.


RELATED LINKS
    Online Version: http://go.microsoft.com/fwlink/?LinkId=821792
    Add-Member

REMARKS
    To see the examples, type: "get-help Get-Member -examples".
    For more information, type: "get-help Get-Member -detailed".
    For technical information, type: "get-help Get-Member -full".
    For online help, type: "get-help Get-Member -online"


PS C:\Users\flame> get-help select-object

NAME
    Select-Object

SYNOPSIS
    Selects objects or object properties.


SYNTAX
    Select-Object [[-Property] <Object[]>] [-ExcludeProperty <String[]>] [-ExpandProperty <String>] [-First
    <Int32>] [-InputObject <PSObject>] [-Last <Int32>] [-Skip <Int32>] [-Unique] [-Wait] [<CommonParameters>]

    Select-Object [[-Property] <Object[]>] [-ExcludeProperty <String[]>] [-ExpandProperty <String>] [-InputObject
    <PSObject>] [-SkipLast <Int32>] [-Unique] [<CommonParameters>]

    Select-Object [-Index <Int32[]>] [-InputObject <PSObject>] [-Unique] [-Wait] [<CommonParameters>]


DESCRIPTION
    The Select-Object cmdlet selects specified properties of an object or set of objects. It can also select unique
    objects, a specified number of objects, or objects in a specified position in an array.

    To select objects from a collection, use the First , Last , Unique , Skip , and Index parameters. To select
    object properties, use the Property parameter. When you select properties, Select-Object returns new objects
    that have only the specified properties.

    Beginning in Windows PowerShell 3.0, Select-Object includes an optimization feature that prevents commands from
    creating and processing objects that are not used. When you include a Select-Object command with the First or
    Index parameter in a command pipeline, Windows PowerShell stops the command that generates the objects as soon
    as the selected number of objects is generated, even when the command that generates the objects appears before
    the Select-Object command in the pipeline. To turn off this optimizing behavior, use the Wait parameter.


RELATED LINKS
    Online Version: http://go.microsoft.com/fwlink/?LinkId=821852
    Group-Object
    Sort-Object

REMARKS
    To see the examples, type: "get-help Select-Object -examples".
    For more information, type: "get-help Select-Object -detailed".
    For technical information, type: "get-help Select-Object -full".
    For online help, type: "get-help Select-Object -online"


PS C:\Users\flame> select-object | get-member
get-member : You must specify an object for the Get-Member cmdlet.
At line:1 char:17
+ select-object | get-member
+                 ~~~~~~~~~~
    + CategoryInfo          : CloseError: (:) [Get-Member], InvalidOperationException
    + FullyQualifiedErrorId : NoObjectInGetMember,Microsoft.PowerShell.Commands.GetMemberCommand
get-member : You must specify an object for the Get-Member cmdlet.
At line:1 char:17
+ select-object | get-member
+                 ~~~~~~~~~~
    + CategoryInfo          : CloseError: (:) [Get-Member], InvalidOperationException
    + FullyQualifiedErrorId : NoObjectInGetMember,Microsoft.PowerShell.Commands.GetMemberCommand

PS C:\Users\flame> select-object Name | get-member
get-member : You must specify an object for the Get-Member cmdlet.
At line:1 char:22
+ select-object Name | get-member
+                      ~~~~~~~~~~
    + CategoryInfo          : CloseError: (:) [Get-Member], InvalidOperationException
    + FullyQualifiedErrorId : NoObjectInGetMember,Microsoft.PowerShell.Commands.GetMemberCommand
get-member : You must specify an object for the Get-Member cmdlet.
At line:1 char:22
+ select-object Name | get-member
+                      ~~~~~~~~~~
    + CategoryInfo          : CloseError: (:) [Get-Member], InvalidOperationException
    + FullyQualifiedErrorId : NoObjectInGetMember,Microsoft.PowerShell.Commands.GetMemberCommand

PS C:\Users\flame> get-help *printer*

Name                              Category  Module                    Synopsis
----                              --------  ------                    --------
Out-Printer                       Cmdlet    Microsoft.PowerShell.U... Sends output to a printer.
Set-Printer                       Function  PrintManagement           ...
Get-PrinterPort                   Function  PrintManagement           ...
Write-PrinterNfcTag               Function  PrintManagement           ...
Get-PrinterProperty               Function  PrintManagement           ...
Set-PrinterProperty               Function  PrintManagement           ...
Add-PrinterDriver                 Function  PrintManagement           ...
Get-PrinterDriver                 Function  PrintManagement           ...
Add-PrinterPort                   Function  PrintManagement           ...
Remove-PrinterPort                Function  PrintManagement           ...
Read-PrinterNfcTag                Function  PrintManagement           ...
Remove-Printer                    Function  PrintManagement           ...
Remove-PrinterDriver              Function  PrintManagement           ...
Get-Printer                       Function  PrintManagement           ...
Rename-Printer                    Function  PrintManagement           ...
Add-Printer                       Function  PrintManagement           ...


PS C:\Users\flame> get-help *update*

Name                              Category  Module                    Synopsis
----                              --------  ------                    --------
Update-Help                       Cmdlet    Microsoft.PowerShell.Core Downloads and installs the newest help file...
Update-FormatData                 Cmdlet    Microsoft.PowerShell.U... Updates the formatting data in the current ...
Update-List                       Cmdlet    Microsoft.PowerShell.U... Adds items to and removes items from a prop...
Update-TypeData                   Cmdlet    Microsoft.PowerShell.U... Updates the extended type data in the session.
Update-Script                     Function  PowerShellGet             ...
Update-ModuleManifest             Function  PowerShellGet             ...
Update-Module                     Function  PowerShellGet             ...
Update-ScriptFileInfo             Function  PowerShellGet             ...
Update-MpSignature                Function  Defender                  ...
Update-WIMBootEntry               Cmdlet    Dism                      Update-WIMBootEntry...
Update-AutologgerConfig           Function  EventTracingManagement    ...
Update-EtwTraceSession            Function  EventTracingManagement    ...
Update-IscsiTarget                Function  iSCSI                     ...
Update-IscsiTargetPortal          Function  iSCSI                     ...
Update-NetIPsecRule               Function  NetSecurity               ...
Update-DscConfiguration           Function  PSDesiredStateConfigur... ...
Update-SmbMultichannelConnection  Function  SmbShare                  ...
Update-Disk                       Function  Storage                   ...
Update-StorageFirmware            Function  Storage                   ...
Update-StoragePool                Function  Storage                   ...
Update-StorageProviderCache       Function  Storage                   ...
Update-HostStorageCache           Function  Storage                   ...
Get-WindowsUpdateLog              Function  WindowsUpdate             ...
Install-WUUpdates                 Function  WindowsUpdateProvider     ...


PS C:\Users\flame> get-help *python*

NAME
    Add-Type

SYNOPSIS
    Adds a.NET Framework type (a class) to a Windows PowerShell session.


SYNTAX
    Add-Type -AssemblyName <String[]> [-IgnoreWarnings] [-PassThru] [<CommonParameters>]

    Add-Type [-TypeDefinition] <String> [-CodeDomProvider <CodeDomProvider>] [-CompilerParameters
    <CompilerParameters>] [-IgnoreWarnings] [-Language {CSharp | CSharpVersion3 | CSharpVersion2 | VisualBasic |
    JScript}] [-OutputAssembly <String>] [-OutputType {Library | ConsoleApplication | WindowsApplication}]
    [-PassThru] [-ReferencedAssemblies <String[]>] [<CommonParameters>]

    Add-Type [-Name] <String> [-MemberDefinition] <String[]> [-CodeDomProvider <CodeDomProvider>]
    [-CompilerParameters <CompilerParameters>] [-IgnoreWarnings] [-Language {CSharp | CSharpVersion3 |
    CSharpVersion2 | VisualBasic | JScript}] [-Namespace <String>] [-OutputAssembly <String>] [-OutputType {Library
    | ConsoleApplication | WindowsApplication}] [-PassThru] [-ReferencedAssemblies <String[]>] [-UsingNamespace
    <String[]>] [<CommonParameters>]

    Add-Type [-CompilerParameters <CompilerParameters>] [-IgnoreWarnings] -LiteralPath <String[]> [-OutputAssembly
    <String>] [-OutputType {Library | ConsoleApplication | WindowsApplication}] [-PassThru] [-ReferencedAssemblies
    <String[]>] [<CommonParameters>]

    Add-Type [-Path] <String[]> [-CompilerParameters <CompilerParameters>] [-IgnoreWarnings] [-OutputAssembly
    <String>] [-OutputType {Library | ConsoleApplication | WindowsApplication}] [-PassThru] [-ReferencedAssemblies
    <String[]>] [<CommonParameters>]


DESCRIPTION
    The Add-Type cmdlet lets you define a Microsoft .NET Framework class in your Windows PowerShell session. You
    can then instantiate objects (by using the New-Object cmdlet) and use the objects, just as you would use any
    .NET Framework object. If you add an Add-Type command to your Windows PowerShell profile, the class is
    available in all Windows PowerShell sessions.

    You can specify the type by specifying an existing assembly or source code files, or you can specify the source
    code inline or saved in a variable. You can even specify only a method and Add-Type will define and generate
    the class. You can use this feature to make Platform Invoke (P/Invoke) calls to unmanaged functions in Windows
    PowerShell. If you specify source code, Add-Type compiles the specified source code and generates an in-memory
    assembly that contains the new .NET Framework types.

    You can use the parameters of Add-Type to specify an alternate language and compiler (C# is the default),
    compiler options, assembly dependencies, the class namespace, the names of the type, and the resulting assembly.


RELATED LINKS
    Online Version: http://go.microsoft.com/fwlink/?LinkId=821749
    Add-Member
    New-Object

REMARKS
    To see the examples, type: "get-help Add-Type -examples".
    For more information, type: "get-help Add-Type -detailed".
    For technical information, type: "get-help Add-Type -full".
    For online help, type: "get-help Add-Type -online"


PS C:\Users\flame> get-help *mysql*

Name                              Category  Module                    Synopsis
----                              --------  ------                    --------
Get-MySqlColumn                   Function  MySQL                     ...
Invoke-MySqlParamQuery            Function  MySQL                     ...
Add-MySqlColumn                   Function  MySQL                     ...
Select-MySqlDatabase              Function  MySQL                     ...
Get-MySqlTable                    Function  MySQL                     ...
Connect-MySqlServer               Function  MySQL                     ...
Get-MySqlUser                     Function  MySQL                     ...
New-MySqlDatabase                 Function  MySQL                     ...
Disconnect-MySqlServer            Function  MySQL                     ...
New-MySqlTable                    Function  MySQL                     ...
New-MySqlUser                     Function  MySQL                     ...
Get-MySqlDatabase                 Function  MySQL                     ...
Invoke-MySqlQuery                 Function  MySQL                     ...


